Using existing PDF: df8fadc5-9eef-4b09-9f3c-71c8f394572e.pdf
Testing upload with df8fadc5-9eef-4b09-9f3c-71c8f394572e.pdf...
Sending request...
DEBUG: Status Code: 500
DEBUG: Response Text: {"detail":"[WinError 233] No process is on the other end of the pipe"}
FAILURE: Upload failed with status 500
SUCCESS: temp_uploads directory does not exist (or was cleaned up).
